Copyright 1986-2022 Xilinx, Inc. All Rights Reserved. Copyright 2022-2025 Advanced Micro Devices, Inc. All Rights Reserved.
---------------------------------------------------------------------------------------------------------------------------------------------
| Tool Version : Vivado v.2025.2 (lin64) Build 6299465 Fri Nov 14 12:34:56 MST 2025
| Date         : Tue Mar 24 17:38:04 2026
| Host         : smarTech running 64-bit Ubuntu 24.04.4 LTS
| Command      : report_drc -file opt_report_drc_0.rpt -pb opt_report_drc_0.pb -rpx opt_report_drc_0.rpx
| Design       : design_1_wrapper
| Device       : xcvp1802-lsvc4072-2MP-e-S
| Speed File   : -2MP
| Design State : Synthesized
---------------------------------------------------------------------------------------------------------------------------------------------

Report DRC

Table of Contents
-----------------
1. REPORT SUMMARY
2. REPORT DETAILS

1. REPORT SUMMARY
-----------------
            Netlist: netlist
          Floorplan: design_1
      Design limits: <entire design considered>
           Ruledeck: default
             Max checks: <unlimited>
             Checks found: 2
+---------+----------+---------------------------------+--------+
| Rule    | Severity | Description                     | Checks |
+---------+----------+---------------------------------+--------+
| RPBF-10 | Warning  | IO port is missing a connection | 2      |
+---------+----------+---------------------------------+--------+

2. REPORT DETAILS
-----------------
RPBF-10#1 Warning
IO port is missing a connection  
Device port clk_100MHz should be connected to an IO cell such as an [IO]BUF*.
Related violations: <none>

RPBF-10#2 Warning
IO port is missing a connection  
Device port reset_rtl should be connected to an IO cell such as an [IO]BUF*.
Related violations: <none>


