Copyright 1986-2022 Xilinx, Inc. All Rights Reserved. Copyright 2022-2025 Advanced Micro Devices, Inc. All Rights Reserved.
---------------------------------------------------------------------------------------------------------------------------------------------
| Tool Version : Vivado v.2025.2 (lin64) Build 6299465 Fri Nov 14 12:34:56 MST 2025
| Date         : Thu Mar 26 17:49:19 2026
| Host         : smarTech running 64-bit Ubuntu 24.04.4 LTS
| Command      : report_drc -file route_report_drc_0.rpt -pb route_report_drc_0.pb -rpx route_report_drc_0.rpx
| Design       : design_1_wrapper
| Device       : xcvp1802-lsvc4072-2MP-e-S
| Speed File   : -2MP
| Design State : Fully Routed
---------------------------------------------------------------------------------------------------------------------------------------------

Report DRC

Table of Contents
-----------------
1. REPORT SUMMARY
2. REPORT DETAILS

1. REPORT SUMMARY
-----------------
            Netlist: netlist
          Floorplan: design_1
      Design limits: <entire design considered>
           Ruledeck: default
             Max checks: <unlimited>
             Checks found: 3
+-----------+----------+---------------------------------+--------+
| Rule      | Severity | Description                     | Checks |
+-----------+----------+---------------------------------+--------+
| RPBF-10   | Warning  | IO port is missing a connection | 2      |
| RTSTAT-10 | Warning  | No routable loads               | 1      |
+-----------+----------+---------------------------------+--------+

2. REPORT DETAILS
-----------------
RPBF-10#1 Warning
IO port is missing a connection  
Device port clk_100MHz should be connected to an IO cell such as an [IO]BUF*.
Related violations: <none>

RPBF-10#2 Warning
IO port is missing a connection  
Device port reset_rtl should be connected to an IO cell such as an [IO]BUF*.
Related violations: <none>

RTSTAT-10#1 Warning
No routable loads  
4976 net(s) have no routable loads. The problem bus(es) and/or net(s) are design_1_i/mdm_1/U0/MDM_Core_I1/Dbg_Disable_0,
design_1_i/mdm_1/U0/MDM_Core_I1/Ext_JTAG_SEL,
design_1_i/mdm_1/U0/MDM_Core_I1/JTAG_CONTROL_I/Dbg_Rst_0,
design_1_i/mdm_1/U0/MDM_Core_I1/JTAG_CONTROL_I/Debug_SYS_Rst,
design_1_i/mdm_1/U0/MDM_Core_I1/JTAG_CONTROL_I/Ext_NM_BRK,
design_1_i/mdm_1/U0/MDM_Core_I1/JTAG_CONTROL_I/Use_BSCAN.FDC_I/Dbg_Reg_En_0[0:7],
design_1_i/mdm_1/U0/MDM_Core_I1/JTAG_CONTROL_I/Use_BSCAN.SYNC_FDRE/Dbg_Shift_0,
design_1_i/versal_cips_0/inst/pspmc_0/inst/apu_event_o,
design_1_i/versal_cips_0/inst/pspmc_0/inst/apu_event_standby_wfe[1:0],
design_1_i/versal_cips_0/inst/pspmc_0/inst/apu_event_standby_wfi[1:0],
design_1_i/versal_cips_0/inst/pspmc_0/inst/bscan_user1_usr_capture,
design_1_i/versal_cips_0/inst/pspmc_0/inst/bscan_user1_usr_drck,
design_1_i/versal_cips_0/inst/pspmc_0/inst/bscan_user1_usr_reset,
design_1_i/versal_cips_0/inst/pspmc_0/inst/bscan_user1_usr_runtest,
design_1_i/versal_cips_0/inst/pspmc_0/inst/bscan_user1_usr_sel
 (the first 15 of 926 listed nets/buses).
Related violations: <none>


