#-----------------------------------------------------------
# Vivado v2025.2 (64-bit)
# SW Build 6299465 on Fri Nov 14 12:34:56 MST 2025
# IP Build 6300035 on Fri Nov 14 10:48:45 MST 2025
# SharedData Build 6298862 on Thu Nov 13 04:50:51 MST 2025
# Start of session at: Thu Mar 26 17:40:32 2026
# Process ID         : 31797
# Current directory  : /home/smartscott/platform_driver/tb3d.runs/impl_1
# Command line       : vivado -log design_1_wrapper.vdi -applog -product Vivado -messageDb vivado.pb -mode batch -source design_1_wrapper.tcl -notrace
# Log file           : /home/smartscott/platform_driver/tb3d.runs/impl_1/design_1_wrapper.vdi
# Journal file       : /home/smartscott/platform_driver/tb3d.runs/impl_1/vivado.jou
# Running On         : smarTech
# Platform           : Ubuntu
# Operating System   : Ubuntu 24.04.4 LTS
# Processor Detail   : Intel(R) Core(TM) i7-3770 CPU @ 3.40GHz
# CPU Frequency      : 3691.438 MHz
# CPU Physical cores : 4
# CPU Logical cores  : 8
# Host memory        : 15658 MB
# Swap memory        : 12124 MB
# Total Virtual      : 27782 MB
# Available Virtual  : 23274 MB
#-----------------------------------------------------------
source design_1_wrapper.tcl -notrace
